<!doctype html public "-//w3c//dtd html 4.0 transitional//en">
<html><head>
<title>Static Call Graph - [.\Objects\Archi_EvaBot.axf]</title></head>
<body><HR>
<H1>Static Call Graph for image .\Objects\Archi_EvaBot.axf</H1><HR>
<BR><P>#&#060CALLGRAPH&#062# ARM Linker, 6120001: Last Updated: Sun Jan  7 20:45:34 2024
<BR><P>
<H3>Maximum Stack Usage =          0 bytes + Unknown(Functions without stacksize, Cycles, Untraceable Function Pointers)</H3><H3>
Call chain for Maximum Stack Depth:</H3>

<P>
<H3>
Functions with no stack information
</H3><UL>
 <LI><a href="#[0]">Reset_Handler</a>
 <LI><a href="#[4]">LEDs_INIT</a>
 <LI><a href="#[5]">LEDs_ON</a>
 <LI><a href="#[6]">LEDs_OFF</a>
 <LI><a href="#[7]">LED_DROITE_ON</a>
 <LI><a href="#[8]">LED_DROITE_OFF</a>
 <LI><a href="#[9]">LED_GAUCHE_ON</a>
 <LI><a href="#[a]">LED_GAUCHE_OFF</a>
 <LI><a href="#[b]">INIT_UTIL_address</a>
 <LI><a href="#[c]">INTERACTIONS_TO_DISTANCE</a>
 <LI><a href="#[d]">INCR_VAL_STORED_IN_R1_ADR</a>
 <LI><a href="#[e]">__main</a>
 <LI><a href="#[f]">INIT_BUMPERS_address</a>
 <LI><a href="#[10]">BUMPERS_INIT</a>
 <LI><a href="#[11]">HANDLE_BUMPERS_INTERACTIONS</a>
 <LI><a href="#[12]">BUMPER_GAUCHE_READSTATE</a>
 <LI><a href="#[13]">BUMPER_DROIT_READSTATE</a>
 <LI><a href="#[14]">INCR_RIGHT_BUMPER_COUNTER</a>
 <LI><a href="#[15]">INCR_LEFT_BUMPER_COUNTER</a>
 <LI><a href="#[16]">SWITCHES_INIT</a>
 <LI><a href="#[17]">HANDLE_SWITCHES_INTERACTIONS</a>
 <LI><a href="#[18]">MOTEUR_INIT</a>
 <LI><a href="#[19]">MOTEUR_DROIT_ON</a>
 <LI><a href="#[1a]">MOTEUR_DROIT_OFF</a>
 <LI><a href="#[1b]">MOTEUR_GAUCHE_ON</a>
 <LI><a href="#[1c]">MOTEUR_GAUCHE_OFF</a>
 <LI><a href="#[1d]">MOTEUR_DROIT_ARRIERE</a>
 <LI><a href="#[1e]">MOTEUR_DROIT_AVANT</a>
 <LI><a href="#[1f]">MOTEUR_GAUCHE_ARRIERE</a>
 <LI><a href="#[20]">MOTEUR_GAUCHE_AVANT</a>
 <LI><a href="#[21]">MOTEUR_DROIT_INVERSE</a>
 <LI><a href="#[22]">MOTEUR_GAUCHE_INVERSE</a>
 <LI><a href="#[23]">MOTORS_ON</a>
 <LI><a href="#[24]">MOTORS_OFF</a>
 <LI><a href="#[25]">FORWARD_MOTION</a>
 <LI><a href="#[26]">WAIT_R5_SECONDS</a>
 <LI><a href="#[27]">DISTANCE_TO_TIME_IN_CYCLE</a>
 <LI><a href="#[28]">WAIT_ASKED_TIME_IN_CYCLE</a>
 <LI><a href="#[1]">NmiSR</a>
 <LI><a href="#[2]">FaultISR</a>
 <LI><a href="#[3]">IntDefaultHandler</a>
</UL>
</UL>
<P>
<H3>
Mutually Recursive functions
</H3> <LI><a href="#[1]">NmiSR</a>&nbsp;&nbsp;&nbsp;&rArr;&nbsp;&nbsp;&nbsp;<a href="#[1]">NmiSR</a><BR>
 <LI><a href="#[2]">FaultISR</a>&nbsp;&nbsp;&nbsp;&rArr;&nbsp;&nbsp;&nbsp;<a href="#[2]">FaultISR</a><BR>
 <LI><a href="#[3]">IntDefaultHandler</a>&nbsp;&nbsp;&nbsp;&rArr;&nbsp;&nbsp;&nbsp;<a href="#[3]">IntDefaultHandler</a><BR>
</UL>
<P>
<H3>
Function Pointers
</H3><UL>
 <LI><a href="#[2]">FaultISR</a> from startup.o(RESET) referenced from startup.o(RESET)
 <LI><a href="#[3]">IntDefaultHandler</a> from startup.o(RESET) referenced 121 times from startup.o(RESET)
 <LI><a href="#[1]">NmiSR</a> from startup.o(RESET) referenced from startup.o(RESET)
 <LI><a href="#[0]">Reset_Handler</a> from startup.o(RESET) referenced from startup.o(RESET)
</UL>
<P>
<H3>
Global Symbols
</H3>
<P><STRONG><a name="[0]"></a>Reset_Handler</STRONG> (Thumb, 0 bytes, Stack size unknown bytes, startup.o(RESET))
<BR><BR>[Calls]<UL><LI><a href="#[e]">&gt;&gt;</a>&nbsp;&nbsp;&nbsp;__main
</UL>
<BR>[Address Reference Count : 1]<UL><LI> startup.o(RESET)
</UL>
<P><STRONG><a name="[4]"></a>LEDs_INIT</STRONG> (Thumb, 0 bytes, Stack size unknown bytes, leds.o(.text))
<BR><BR>[Called By]<UL><LI><a href="#[e]">&gt;&gt;</a>&nbsp;&nbsp;&nbsp;__main
</UL>

<P><STRONG><a name="[5]"></a>LEDs_ON</STRONG> (Thumb, 0 bytes, Stack size unknown bytes, leds.o(.text))
<BR><BR>[Called By]<UL><LI><a href="#[17]">&gt;&gt;</a>&nbsp;&nbsp;&nbsp;HANDLE_SWITCHES_INTERACTIONS
<LI><a href="#[e]">&gt;&gt;</a>&nbsp;&nbsp;&nbsp;__main
</UL>

<P><STRONG><a name="[6]"></a>LEDs_OFF</STRONG> (Thumb, 0 bytes, Stack size unknown bytes, leds.o(.text))
<BR><BR>[Called By]<UL><LI><a href="#[17]">&gt;&gt;</a>&nbsp;&nbsp;&nbsp;HANDLE_SWITCHES_INTERACTIONS
<LI><a href="#[e]">&gt;&gt;</a>&nbsp;&nbsp;&nbsp;__main
</UL>

<P><STRONG><a name="[7]"></a>LED_DROITE_ON</STRONG> (Thumb, 0 bytes, Stack size unknown bytes, leds.o(.text))
<BR><BR>[Called By]<UL><LI><a href="#[11]">&gt;&gt;</a>&nbsp;&nbsp;&nbsp;HANDLE_BUMPERS_INTERACTIONS
</UL>

<P><STRONG><a name="[8]"></a>LED_DROITE_OFF</STRONG> (Thumb, 0 bytes, Stack size unknown bytes, leds.o(.text))
<BR><BR>[Called By]<UL><LI><a href="#[11]">&gt;&gt;</a>&nbsp;&nbsp;&nbsp;HANDLE_BUMPERS_INTERACTIONS
</UL>

<P><STRONG><a name="[9]"></a>LED_GAUCHE_ON</STRONG> (Thumb, 0 bytes, Stack size unknown bytes, leds.o(.text))
<BR><BR>[Called By]<UL><LI><a href="#[11]">&gt;&gt;</a>&nbsp;&nbsp;&nbsp;HANDLE_BUMPERS_INTERACTIONS
</UL>

<P><STRONG><a name="[a]"></a>LED_GAUCHE_OFF</STRONG> (Thumb, 0 bytes, Stack size unknown bytes, leds.o(.text))
<BR><BR>[Called By]<UL><LI><a href="#[11]">&gt;&gt;</a>&nbsp;&nbsp;&nbsp;HANDLE_BUMPERS_INTERACTIONS
</UL>

<P><STRONG><a name="[b]"></a>INIT_UTIL_address</STRONG> (Thumb, 0 bytes, Stack size unknown bytes, utils.o(.text))
<BR><BR>[Called By]<UL><LI><a href="#[e]">&gt;&gt;</a>&nbsp;&nbsp;&nbsp;__main
</UL>

<P><STRONG><a name="[c]"></a>INTERACTIONS_TO_DISTANCE</STRONG> (Thumb, 0 bytes, Stack size unknown bytes, utils.o(.text))
<BR><BR>[Called By]<UL><LI><a href="#[e]">&gt;&gt;</a>&nbsp;&nbsp;&nbsp;__main
</UL>

<P><STRONG><a name="[d]"></a>INCR_VAL_STORED_IN_R1_ADR</STRONG> (Thumb, 0 bytes, Stack size unknown bytes, utils.o(.text))
<BR><BR>[Called By]<UL><LI><a href="#[15]">&gt;&gt;</a>&nbsp;&nbsp;&nbsp;INCR_LEFT_BUMPER_COUNTER
<LI><a href="#[14]">&gt;&gt;</a>&nbsp;&nbsp;&nbsp;INCR_RIGHT_BUMPER_COUNTER
<LI><a href="#[17]">&gt;&gt;</a>&nbsp;&nbsp;&nbsp;HANDLE_SWITCHES_INTERACTIONS
</UL>

<P><STRONG><a name="[e]"></a>__main</STRONG> (Thumb, 0 bytes, Stack size unknown bytes, program.o(.text))
<BR><BR>[Calls]<UL><LI><a href="#[28]">&gt;&gt;</a>&nbsp;&nbsp;&nbsp;WAIT_ASKED_TIME_IN_CYCLE
<LI><a href="#[16]">&gt;&gt;</a>&nbsp;&nbsp;&nbsp;SWITCHES_INIT
<LI><a href="#[23]">&gt;&gt;</a>&nbsp;&nbsp;&nbsp;MOTORS_ON
<LI><a href="#[24]">&gt;&gt;</a>&nbsp;&nbsp;&nbsp;MOTORS_OFF
<LI><a href="#[18]">&gt;&gt;</a>&nbsp;&nbsp;&nbsp;MOTEUR_INIT
<LI><a href="#[17]">&gt;&gt;</a>&nbsp;&nbsp;&nbsp;HANDLE_SWITCHES_INTERACTIONS
<LI><a href="#[11]">&gt;&gt;</a>&nbsp;&nbsp;&nbsp;HANDLE_BUMPERS_INTERACTIONS
<LI><a href="#[25]">&gt;&gt;</a>&nbsp;&nbsp;&nbsp;FORWARD_MOTION
<LI><a href="#[27]">&gt;&gt;</a>&nbsp;&nbsp;&nbsp;DISTANCE_TO_TIME_IN_CYCLE
<LI><a href="#[10]">&gt;&gt;</a>&nbsp;&nbsp;&nbsp;BUMPERS_INIT
<LI><a href="#[c]">&gt;&gt;</a>&nbsp;&nbsp;&nbsp;INTERACTIONS_TO_DISTANCE
<LI><a href="#[b]">&gt;&gt;</a>&nbsp;&nbsp;&nbsp;INIT_UTIL_address
<LI><a href="#[6]">&gt;&gt;</a>&nbsp;&nbsp;&nbsp;LEDs_OFF
<LI><a href="#[5]">&gt;&gt;</a>&nbsp;&nbsp;&nbsp;LEDs_ON
<LI><a href="#[4]">&gt;&gt;</a>&nbsp;&nbsp;&nbsp;LEDs_INIT
</UL>
<BR>[Called By]<UL><LI><a href="#[0]">&gt;&gt;</a>&nbsp;&nbsp;&nbsp;Reset_Handler
</UL>

<P><STRONG><a name="[f]"></a>INIT_BUMPERS_address</STRONG> (Thumb, 0 bytes, Stack size unknown bytes, bumpers.o(.text))
<BR><BR>[Called By]<UL><LI><a href="#[10]">&gt;&gt;</a>&nbsp;&nbsp;&nbsp;BUMPERS_INIT
</UL>

<P><STRONG><a name="[10]"></a>BUMPERS_INIT</STRONG> (Thumb, 0 bytes, Stack size unknown bytes, bumpers.o(.text))
<BR><BR>[Calls]<UL><LI><a href="#[f]">&gt;&gt;</a>&nbsp;&nbsp;&nbsp;INIT_BUMPERS_address
</UL>
<BR>[Called By]<UL><LI><a href="#[e]">&gt;&gt;</a>&nbsp;&nbsp;&nbsp;__main
</UL>

<P><STRONG><a name="[11]"></a>HANDLE_BUMPERS_INTERACTIONS</STRONG> (Thumb, 0 bytes, Stack size unknown bytes, bumpers.o(.text))
<BR><BR>[Calls]<UL><LI><a href="#[26]">&gt;&gt;</a>&nbsp;&nbsp;&nbsp;WAIT_R5_SECONDS
<LI><a href="#[15]">&gt;&gt;</a>&nbsp;&nbsp;&nbsp;INCR_LEFT_BUMPER_COUNTER
<LI><a href="#[14]">&gt;&gt;</a>&nbsp;&nbsp;&nbsp;INCR_RIGHT_BUMPER_COUNTER
<LI><a href="#[13]">&gt;&gt;</a>&nbsp;&nbsp;&nbsp;BUMPER_DROIT_READSTATE
<LI><a href="#[12]">&gt;&gt;</a>&nbsp;&nbsp;&nbsp;BUMPER_GAUCHE_READSTATE
<LI><a href="#[a]">&gt;&gt;</a>&nbsp;&nbsp;&nbsp;LED_GAUCHE_OFF
<LI><a href="#[9]">&gt;&gt;</a>&nbsp;&nbsp;&nbsp;LED_GAUCHE_ON
<LI><a href="#[8]">&gt;&gt;</a>&nbsp;&nbsp;&nbsp;LED_DROITE_OFF
<LI><a href="#[7]">&gt;&gt;</a>&nbsp;&nbsp;&nbsp;LED_DROITE_ON
</UL>
<BR>[Called By]<UL><LI><a href="#[e]">&gt;&gt;</a>&nbsp;&nbsp;&nbsp;__main
</UL>

<P><STRONG><a name="[12]"></a>BUMPER_GAUCHE_READSTATE</STRONG> (Thumb, 0 bytes, Stack size unknown bytes, bumpers.o(.text))
<BR><BR>[Called By]<UL><LI><a href="#[11]">&gt;&gt;</a>&nbsp;&nbsp;&nbsp;HANDLE_BUMPERS_INTERACTIONS
</UL>

<P><STRONG><a name="[13]"></a>BUMPER_DROIT_READSTATE</STRONG> (Thumb, 0 bytes, Stack size unknown bytes, bumpers.o(.text))
<BR><BR>[Called By]<UL><LI><a href="#[11]">&gt;&gt;</a>&nbsp;&nbsp;&nbsp;HANDLE_BUMPERS_INTERACTIONS
</UL>

<P><STRONG><a name="[14]"></a>INCR_RIGHT_BUMPER_COUNTER</STRONG> (Thumb, 0 bytes, Stack size unknown bytes, bumpers.o(.text))
<BR><BR>[Calls]<UL><LI><a href="#[d]">&gt;&gt;</a>&nbsp;&nbsp;&nbsp;INCR_VAL_STORED_IN_R1_ADR
</UL>
<BR>[Called By]<UL><LI><a href="#[11]">&gt;&gt;</a>&nbsp;&nbsp;&nbsp;HANDLE_BUMPERS_INTERACTIONS
</UL>

<P><STRONG><a name="[15]"></a>INCR_LEFT_BUMPER_COUNTER</STRONG> (Thumb, 0 bytes, Stack size unknown bytes, bumpers.o(.text))
<BR><BR>[Calls]<UL><LI><a href="#[d]">&gt;&gt;</a>&nbsp;&nbsp;&nbsp;INCR_VAL_STORED_IN_R1_ADR
</UL>
<BR>[Called By]<UL><LI><a href="#[11]">&gt;&gt;</a>&nbsp;&nbsp;&nbsp;HANDLE_BUMPERS_INTERACTIONS
</UL>

<P><STRONG><a name="[16]"></a>SWITCHES_INIT</STRONG> (Thumb, 0 bytes, Stack size unknown bytes, switches.o(.text))
<BR><BR>[Called By]<UL><LI><a href="#[e]">&gt;&gt;</a>&nbsp;&nbsp;&nbsp;__main
</UL>

<P><STRONG><a name="[17]"></a>HANDLE_SWITCHES_INTERACTIONS</STRONG> (Thumb, 0 bytes, Stack size unknown bytes, switches.o(.text))
<BR><BR>[Calls]<UL><LI><a href="#[26]">&gt;&gt;</a>&nbsp;&nbsp;&nbsp;WAIT_R5_SECONDS
<LI><a href="#[d]">&gt;&gt;</a>&nbsp;&nbsp;&nbsp;INCR_VAL_STORED_IN_R1_ADR
<LI><a href="#[6]">&gt;&gt;</a>&nbsp;&nbsp;&nbsp;LEDs_OFF
<LI><a href="#[5]">&gt;&gt;</a>&nbsp;&nbsp;&nbsp;LEDs_ON
</UL>
<BR>[Called By]<UL><LI><a href="#[e]">&gt;&gt;</a>&nbsp;&nbsp;&nbsp;__main
</UL>

<P><STRONG><a name="[18]"></a>MOTEUR_INIT</STRONG> (Thumb, 0 bytes, Stack size unknown bytes, rk_config_moteur.o(.text))
<BR><BR>[Called By]<UL><LI><a href="#[e]">&gt;&gt;</a>&nbsp;&nbsp;&nbsp;__main
</UL>

<P><STRONG><a name="[19]"></a>MOTEUR_DROIT_ON</STRONG> (Thumb, 0 bytes, Stack size unknown bytes, rk_config_moteur.o(.text))
<BR><BR>[Called By]<UL><LI><a href="#[23]">&gt;&gt;</a>&nbsp;&nbsp;&nbsp;MOTORS_ON
</UL>

<P><STRONG><a name="[1a]"></a>MOTEUR_DROIT_OFF</STRONG> (Thumb, 0 bytes, Stack size unknown bytes, rk_config_moteur.o(.text))
<BR><BR>[Called By]<UL><LI><a href="#[24]">&gt;&gt;</a>&nbsp;&nbsp;&nbsp;MOTORS_OFF
</UL>

<P><STRONG><a name="[1b]"></a>MOTEUR_GAUCHE_ON</STRONG> (Thumb, 0 bytes, Stack size unknown bytes, rk_config_moteur.o(.text))
<BR><BR>[Called By]<UL><LI><a href="#[23]">&gt;&gt;</a>&nbsp;&nbsp;&nbsp;MOTORS_ON
</UL>

<P><STRONG><a name="[1c]"></a>MOTEUR_GAUCHE_OFF</STRONG> (Thumb, 0 bytes, Stack size unknown bytes, rk_config_moteur.o(.text))
<BR><BR>[Called By]<UL><LI><a href="#[24]">&gt;&gt;</a>&nbsp;&nbsp;&nbsp;MOTORS_OFF
</UL>

<P><STRONG><a name="[1d]"></a>MOTEUR_DROIT_ARRIERE</STRONG> (Thumb, 0 bytes, Stack size unknown bytes, rk_config_moteur.o(.text), UNUSED, KEPT)

<P><STRONG><a name="[1e]"></a>MOTEUR_DROIT_AVANT</STRONG> (Thumb, 0 bytes, Stack size unknown bytes, rk_config_moteur.o(.text))
<BR><BR>[Called By]<UL><LI><a href="#[25]">&gt;&gt;</a>&nbsp;&nbsp;&nbsp;FORWARD_MOTION
</UL>

<P><STRONG><a name="[1f]"></a>MOTEUR_GAUCHE_ARRIERE</STRONG> (Thumb, 0 bytes, Stack size unknown bytes, rk_config_moteur.o(.text), UNUSED, KEPT)

<P><STRONG><a name="[20]"></a>MOTEUR_GAUCHE_AVANT</STRONG> (Thumb, 0 bytes, Stack size unknown bytes, rk_config_moteur.o(.text))
<BR><BR>[Called By]<UL><LI><a href="#[25]">&gt;&gt;</a>&nbsp;&nbsp;&nbsp;FORWARD_MOTION
</UL>

<P><STRONG><a name="[21]"></a>MOTEUR_DROIT_INVERSE</STRONG> (Thumb, 0 bytes, Stack size unknown bytes, rk_config_moteur.o(.text), UNUSED, KEPT)

<P><STRONG><a name="[22]"></a>MOTEUR_GAUCHE_INVERSE</STRONG> (Thumb, 0 bytes, Stack size unknown bytes, rk_config_moteur.o(.text), UNUSED, KEPT)

<P><STRONG><a name="[23]"></a>MOTORS_ON</STRONG> (Thumb, 0 bytes, Stack size unknown bytes, motors.o(.text))
<BR><BR>[Calls]<UL><LI><a href="#[1b]">&gt;&gt;</a>&nbsp;&nbsp;&nbsp;MOTEUR_GAUCHE_ON
<LI><a href="#[19]">&gt;&gt;</a>&nbsp;&nbsp;&nbsp;MOTEUR_DROIT_ON
</UL>
<BR>[Called By]<UL><LI><a href="#[e]">&gt;&gt;</a>&nbsp;&nbsp;&nbsp;__main
</UL>

<P><STRONG><a name="[24]"></a>MOTORS_OFF</STRONG> (Thumb, 0 bytes, Stack size unknown bytes, motors.o(.text))
<BR><BR>[Calls]<UL><LI><a href="#[1c]">&gt;&gt;</a>&nbsp;&nbsp;&nbsp;MOTEUR_GAUCHE_OFF
<LI><a href="#[1a]">&gt;&gt;</a>&nbsp;&nbsp;&nbsp;MOTEUR_DROIT_OFF
</UL>
<BR>[Called By]<UL><LI><a href="#[e]">&gt;&gt;</a>&nbsp;&nbsp;&nbsp;__main
</UL>

<P><STRONG><a name="[25]"></a>FORWARD_MOTION</STRONG> (Thumb, 0 bytes, Stack size unknown bytes, motors.o(.text))
<BR><BR>[Calls]<UL><LI><a href="#[20]">&gt;&gt;</a>&nbsp;&nbsp;&nbsp;MOTEUR_GAUCHE_AVANT
<LI><a href="#[1e]">&gt;&gt;</a>&nbsp;&nbsp;&nbsp;MOTEUR_DROIT_AVANT
</UL>
<BR>[Called By]<UL><LI><a href="#[e]">&gt;&gt;</a>&nbsp;&nbsp;&nbsp;__main
</UL>

<P><STRONG><a name="[26]"></a>WAIT_R5_SECONDS</STRONG> (Thumb, 0 bytes, Stack size unknown bytes, time.o(.text))
<BR><BR>[Called By]<UL><LI><a href="#[17]">&gt;&gt;</a>&nbsp;&nbsp;&nbsp;HANDLE_SWITCHES_INTERACTIONS
<LI><a href="#[11]">&gt;&gt;</a>&nbsp;&nbsp;&nbsp;HANDLE_BUMPERS_INTERACTIONS
</UL>

<P><STRONG><a name="[27]"></a>DISTANCE_TO_TIME_IN_CYCLE</STRONG> (Thumb, 0 bytes, Stack size unknown bytes, time.o(.text))
<BR><BR>[Called By]<UL><LI><a href="#[e]">&gt;&gt;</a>&nbsp;&nbsp;&nbsp;__main
</UL>

<P><STRONG><a name="[28]"></a>WAIT_ASKED_TIME_IN_CYCLE</STRONG> (Thumb, 0 bytes, Stack size unknown bytes, time.o(.text))
<BR><BR>[Called By]<UL><LI><a href="#[e]">&gt;&gt;</a>&nbsp;&nbsp;&nbsp;__main
</UL>

<P><STRONG><a name="[29]"></a>__use_two_region_memory</STRONG> (Thumb, 2 bytes, Stack size 0 bytes, heapauxi.o(.text), UNUSED)

<P><STRONG><a name="[2a]"></a>__rt_heap_escrow$2region</STRONG> (Thumb, 2 bytes, Stack size 0 bytes, heapauxi.o(.text), UNUSED)

<P><STRONG><a name="[2b]"></a>__rt_heap_expand$2region</STRONG> (Thumb, 2 bytes, Stack size 0 bytes, heapauxi.o(.text), UNUSED)
<P>
<H3>
Local Symbols
</H3>
<P><STRONG><a name="[1]"></a>NmiSR</STRONG> (Thumb, 0 bytes, Stack size unknown bytes, startup.o(RESET))
<BR><BR>[Calls]<UL><LI><a href="#[1]">&gt;&gt;</a>&nbsp;&nbsp;&nbsp;NmiSR
</UL>
<BR>[Called By]<UL><LI><a href="#[1]">&gt;&gt;</a>&nbsp;&nbsp;&nbsp;NmiSR
</UL>
<BR>[Address Reference Count : 1]<UL><LI> startup.o(RESET)
</UL>
<P><STRONG><a name="[2]"></a>FaultISR</STRONG> (Thumb, 0 bytes, Stack size unknown bytes, startup.o(RESET))
<BR><BR>[Calls]<UL><LI><a href="#[2]">&gt;&gt;</a>&nbsp;&nbsp;&nbsp;FaultISR
</UL>
<BR>[Called By]<UL><LI><a href="#[2]">&gt;&gt;</a>&nbsp;&nbsp;&nbsp;FaultISR
</UL>
<BR>[Address Reference Count : 1]<UL><LI> startup.o(RESET)
</UL>
<P><STRONG><a name="[3]"></a>IntDefaultHandler</STRONG> (Thumb, 0 bytes, Stack size unknown bytes, startup.o(RESET))
<BR><BR>[Calls]<UL><LI><a href="#[3]">&gt;&gt;</a>&nbsp;&nbsp;&nbsp;IntDefaultHandler
</UL>
<BR>[Called By]<UL><LI><a href="#[3]">&gt;&gt;</a>&nbsp;&nbsp;&nbsp;IntDefaultHandler
</UL>
<BR>[Address Reference Count : 1]<UL><LI> startup.o(RESET)
</UL><P>
<H3>
Undefined Global Symbols
</H3><HR></body></html>
