<!doctype html public "-//w3c//dtd html 4.0 transitional//en">
<html><head>
<title>Static Call Graph - [.\Objects\Archi_EvaBot.axf]</title></head>
<body><HR>
<H1>Static Call Graph for image .\Objects\Archi_EvaBot.axf</H1><HR>
<BR><P>#&#060CALLGRAPH&#062# ARM Linker, 6120001: Last Updated: Sat Dec 30 16:52:56 2023
<BR><P>
<H3>Maximum Stack Usage =          0 bytes + Unknown(Functions without stacksize, Cycles, Untraceable Function Pointers)</H3><H3>
Call chain for Maximum Stack Depth:</H3>

<P>
<H3>
Functions with no stack information
</H3><UL>
 <LI><a href="#[0]">Reset_Handler</a>
 <LI><a href="#[4]">LEDs_INIT</a>
 <LI><a href="#[5]">LEDs_ON</a>
 <LI><a href="#[6]">LEDs_OFF</a>
 <LI><a href="#[7]">LED_DROITE_ON</a>
 <LI><a href="#[8]">LED_DROITE_OFF</a>
 <LI><a href="#[9]">LED_GAUCHE_ON</a>
 <LI><a href="#[a]">LED_GAUCHE_OFF</a>
 <LI><a href="#[b]">WAIT_SECOND</a>
 <LI><a href="#[c]">DISTANCE_TO_TIME_IN_CYCLE</a>
 <LI><a href="#[d]">WAIT_ASKED_TIME_IN_CYCLE</a>
 <LI><a href="#[e]">BROWSE_ASKED_CM</a>
 <LI><a href="#[f]">INTERACTIONS_TO_DISTANCE</a>
 <LI><a href="#[10]">BLINK_R8_TIME</a>
 <LI><a href="#[11]">CHECK_BUMPERS_AND_UPDATE_LEDS</a>
 <LI><a href="#[12]">CHECK_SWITCHES_AND_UPDATE_LEDS</a>
 <LI><a href="#[13]">__main</a>
 <LI><a href="#[14]">INIT_BUMPERS_ADRESS</a>
 <LI><a href="#[15]">BUMPERS_INIT</a>
 <LI><a href="#[16]">BUMPER_GAUCHE_READSTATE</a>
 <LI><a href="#[17]">BUMPER_DROIT_READSTATE</a>
 <LI><a href="#[18]">SWITCH_HAUT_READSTATE</a>
 <LI><a href="#[19]">SWITCH_BAS_READSTATE</a>
 <LI><a href="#[1a]">MOTEUR_INIT</a>
 <LI><a href="#[1b]">MOTEUR_DROIT_ON</a>
 <LI><a href="#[1c]">MOTEUR_DROIT_OFF</a>
 <LI><a href="#[1d]">MOTEUR_GAUCHE_ON</a>
 <LI><a href="#[1e]">MOTEUR_GAUCHE_OFF</a>
 <LI><a href="#[1f]">MOTEUR_DROIT_ARRIERE</a>
 <LI><a href="#[20]">MOTEUR_DROIT_AVANT</a>
 <LI><a href="#[21]">MOTEUR_GAUCHE_ARRIERE</a>
 <LI><a href="#[22]">MOTEUR_GAUCHE_AVANT</a>
 <LI><a href="#[23]">MOTEUR_DROIT_INVERSE</a>
 <LI><a href="#[24]">MOTEUR_GAUCHE_INVERSE</a>
 <LI><a href="#[25]">MOTORS_ON</a>
 <LI><a href="#[26]">MOTORS_OFF</a>
 <LI><a href="#[27]">FORWARD_MOTION</a>
 <LI><a href="#[1]">NmiSR</a>
 <LI><a href="#[2]">FaultISR</a>
 <LI><a href="#[3]">IntDefaultHandler</a>
</UL>
</UL>
<P>
<H3>
Mutually Recursive functions
</H3> <LI><a href="#[1]">NmiSR</a>&nbsp;&nbsp;&nbsp;&rArr;&nbsp;&nbsp;&nbsp;<a href="#[1]">NmiSR</a><BR>
 <LI><a href="#[2]">FaultISR</a>&nbsp;&nbsp;&nbsp;&rArr;&nbsp;&nbsp;&nbsp;<a href="#[2]">FaultISR</a><BR>
 <LI><a href="#[3]">IntDefaultHandler</a>&nbsp;&nbsp;&nbsp;&rArr;&nbsp;&nbsp;&nbsp;<a href="#[3]">IntDefaultHandler</a><BR>
</UL>
<P>
<H3>
Function Pointers
</H3><UL>
 <LI><a href="#[2]">FaultISR</a> from startup.o(RESET) referenced from startup.o(RESET)
 <LI><a href="#[3]">IntDefaultHandler</a> from startup.o(RESET) referenced 121 times from startup.o(RESET)
 <LI><a href="#[1]">NmiSR</a> from startup.o(RESET) referenced from startup.o(RESET)
 <LI><a href="#[0]">Reset_Handler</a> from startup.o(RESET) referenced from startup.o(RESET)
</UL>
<P>
<H3>
Global Symbols
</H3>
<P><STRONG><a name="[0]"></a>Reset_Handler</STRONG> (Thumb, 0 bytes, Stack size unknown bytes, startup.o(RESET))
<BR><BR>[Calls]<UL><LI><a href="#[13]">&gt;&gt;</a>&nbsp;&nbsp;&nbsp;__main
</UL>
<BR>[Address Reference Count : 1]<UL><LI> startup.o(RESET)
</UL>
<P><STRONG><a name="[4]"></a>LEDs_INIT</STRONG> (Thumb, 0 bytes, Stack size unknown bytes, leds.o(.text))
<BR><BR>[Called By]<UL><LI><a href="#[13]">&gt;&gt;</a>&nbsp;&nbsp;&nbsp;__main
</UL>

<P><STRONG><a name="[5]"></a>LEDs_ON</STRONG> (Thumb, 0 bytes, Stack size unknown bytes, leds.o(.text))
<BR><BR>[Called By]<UL><LI><a href="#[13]">&gt;&gt;</a>&nbsp;&nbsp;&nbsp;__main
<LI><a href="#[10]">&gt;&gt;</a>&nbsp;&nbsp;&nbsp;BLINK_R8_TIME
</UL>

<P><STRONG><a name="[6]"></a>LEDs_OFF</STRONG> (Thumb, 0 bytes, Stack size unknown bytes, leds.o(.text))
<BR><BR>[Called By]<UL><LI><a href="#[13]">&gt;&gt;</a>&nbsp;&nbsp;&nbsp;__main
<LI><a href="#[10]">&gt;&gt;</a>&nbsp;&nbsp;&nbsp;BLINK_R8_TIME
</UL>

<P><STRONG><a name="[7]"></a>LED_DROITE_ON</STRONG> (Thumb, 0 bytes, Stack size unknown bytes, leds.o(.text))
<BR><BR>[Called By]<UL><LI><a href="#[11]">&gt;&gt;</a>&nbsp;&nbsp;&nbsp;CHECK_BUMPERS_AND_UPDATE_LEDS
</UL>

<P><STRONG><a name="[8]"></a>LED_DROITE_OFF</STRONG> (Thumb, 0 bytes, Stack size unknown bytes, leds.o(.text))
<BR><BR>[Called By]<UL><LI><a href="#[11]">&gt;&gt;</a>&nbsp;&nbsp;&nbsp;CHECK_BUMPERS_AND_UPDATE_LEDS
</UL>

<P><STRONG><a name="[9]"></a>LED_GAUCHE_ON</STRONG> (Thumb, 0 bytes, Stack size unknown bytes, leds.o(.text))
<BR><BR>[Called By]<UL><LI><a href="#[11]">&gt;&gt;</a>&nbsp;&nbsp;&nbsp;CHECK_BUMPERS_AND_UPDATE_LEDS
</UL>

<P><STRONG><a name="[a]"></a>LED_GAUCHE_OFF</STRONG> (Thumb, 0 bytes, Stack size unknown bytes, leds.o(.text))
<BR><BR>[Called By]<UL><LI><a href="#[11]">&gt;&gt;</a>&nbsp;&nbsp;&nbsp;CHECK_BUMPERS_AND_UPDATE_LEDS
</UL>

<P><STRONG><a name="[b]"></a>WAIT_SECOND</STRONG> (Thumb, 0 bytes, Stack size unknown bytes, utils.o(.text))
<BR><BR>[Called By]<UL><LI><a href="#[10]">&gt;&gt;</a>&nbsp;&nbsp;&nbsp;BLINK_R8_TIME
</UL>

<P><STRONG><a name="[c]"></a>DISTANCE_TO_TIME_IN_CYCLE</STRONG> (Thumb, 0 bytes, Stack size unknown bytes, utils.o(.text))
<BR><BR>[Called By]<UL><LI><a href="#[13]">&gt;&gt;</a>&nbsp;&nbsp;&nbsp;__main
</UL>

<P><STRONG><a name="[d]"></a>WAIT_ASKED_TIME_IN_CYCLE</STRONG> (Thumb, 0 bytes, Stack size unknown bytes, utils.o(.text))
<BR><BR>[Called By]<UL><LI><a href="#[13]">&gt;&gt;</a>&nbsp;&nbsp;&nbsp;__main
</UL>

<P><STRONG><a name="[e]"></a>BROWSE_ASKED_CM</STRONG> (Thumb, 0 bytes, Stack size unknown bytes, utils.o(.text), UNUSED, KEPT)

<P><STRONG><a name="[f]"></a>INTERACTIONS_TO_DISTANCE</STRONG> (Thumb, 0 bytes, Stack size unknown bytes, utils.o(.text))
<BR><BR>[Called By]<UL><LI><a href="#[13]">&gt;&gt;</a>&nbsp;&nbsp;&nbsp;__main
</UL>

<P><STRONG><a name="[10]"></a>BLINK_R8_TIME</STRONG> (Thumb, 0 bytes, Stack size unknown bytes, utils.o(.text), UNUSED, KEPT)
<BR><BR>[Calls]<UL><LI><a href="#[b]">&gt;&gt;</a>&nbsp;&nbsp;&nbsp;WAIT_SECOND
<LI><a href="#[6]">&gt;&gt;</a>&nbsp;&nbsp;&nbsp;LEDs_OFF
<LI><a href="#[5]">&gt;&gt;</a>&nbsp;&nbsp;&nbsp;LEDs_ON
</UL>

<P><STRONG><a name="[11]"></a>CHECK_BUMPERS_AND_UPDATE_LEDS</STRONG> (Thumb, 0 bytes, Stack size unknown bytes, utils.o(.text))
<BR><BR>[Calls]<UL><LI><a href="#[16]">&gt;&gt;</a>&nbsp;&nbsp;&nbsp;BUMPER_GAUCHE_READSTATE
<LI><a href="#[17]">&gt;&gt;</a>&nbsp;&nbsp;&nbsp;BUMPER_DROIT_READSTATE
<LI><a href="#[a]">&gt;&gt;</a>&nbsp;&nbsp;&nbsp;LED_GAUCHE_OFF
<LI><a href="#[9]">&gt;&gt;</a>&nbsp;&nbsp;&nbsp;LED_GAUCHE_ON
<LI><a href="#[8]">&gt;&gt;</a>&nbsp;&nbsp;&nbsp;LED_DROITE_OFF
<LI><a href="#[7]">&gt;&gt;</a>&nbsp;&nbsp;&nbsp;LED_DROITE_ON
</UL>
<BR>[Called By]<UL><LI><a href="#[13]">&gt;&gt;</a>&nbsp;&nbsp;&nbsp;__main
</UL>

<P><STRONG><a name="[12]"></a>CHECK_SWITCHES_AND_UPDATE_LEDS</STRONG> (Thumb, 0 bytes, Stack size unknown bytes, utils.o(.text))
<BR><BR>[Calls]<UL><LI><a href="#[18]">&gt;&gt;</a>&nbsp;&nbsp;&nbsp;SWITCH_HAUT_READSTATE
<LI><a href="#[19]">&gt;&gt;</a>&nbsp;&nbsp;&nbsp;SWITCH_BAS_READSTATE
</UL>
<BR>[Called By]<UL><LI><a href="#[13]">&gt;&gt;</a>&nbsp;&nbsp;&nbsp;__main
</UL>

<P><STRONG><a name="[13]"></a>__main</STRONG> (Thumb, 0 bytes, Stack size unknown bytes, program.o(.text))
<BR><BR>[Calls]<UL><LI><a href="#[1a]">&gt;&gt;</a>&nbsp;&nbsp;&nbsp;MOTEUR_INIT
<LI><a href="#[27]">&gt;&gt;</a>&nbsp;&nbsp;&nbsp;FORWARD_MOTION
<LI><a href="#[15]">&gt;&gt;</a>&nbsp;&nbsp;&nbsp;BUMPERS_INIT
<LI><a href="#[25]">&gt;&gt;</a>&nbsp;&nbsp;&nbsp;MOTORS_ON
<LI><a href="#[26]">&gt;&gt;</a>&nbsp;&nbsp;&nbsp;MOTORS_OFF
<LI><a href="#[12]">&gt;&gt;</a>&nbsp;&nbsp;&nbsp;CHECK_SWITCHES_AND_UPDATE_LEDS
<LI><a href="#[11]">&gt;&gt;</a>&nbsp;&nbsp;&nbsp;CHECK_BUMPERS_AND_UPDATE_LEDS
<LI><a href="#[f]">&gt;&gt;</a>&nbsp;&nbsp;&nbsp;INTERACTIONS_TO_DISTANCE
<LI><a href="#[d]">&gt;&gt;</a>&nbsp;&nbsp;&nbsp;WAIT_ASKED_TIME_IN_CYCLE
<LI><a href="#[c]">&gt;&gt;</a>&nbsp;&nbsp;&nbsp;DISTANCE_TO_TIME_IN_CYCLE
<LI><a href="#[6]">&gt;&gt;</a>&nbsp;&nbsp;&nbsp;LEDs_OFF
<LI><a href="#[5]">&gt;&gt;</a>&nbsp;&nbsp;&nbsp;LEDs_ON
<LI><a href="#[4]">&gt;&gt;</a>&nbsp;&nbsp;&nbsp;LEDs_INIT
</UL>
<BR>[Called By]<UL><LI><a href="#[0]">&gt;&gt;</a>&nbsp;&nbsp;&nbsp;Reset_Handler
</UL>

<P><STRONG><a name="[14]"></a>INIT_BUMPERS_ADRESS</STRONG> (Thumb, 0 bytes, Stack size unknown bytes, bumpers.o(.text))
<BR><BR>[Called By]<UL><LI><a href="#[15]">&gt;&gt;</a>&nbsp;&nbsp;&nbsp;BUMPERS_INIT
</UL>

<P><STRONG><a name="[15]"></a>BUMPERS_INIT</STRONG> (Thumb, 0 bytes, Stack size unknown bytes, bumpers.o(.text))
<BR><BR>[Calls]<UL><LI><a href="#[14]">&gt;&gt;</a>&nbsp;&nbsp;&nbsp;INIT_BUMPERS_ADRESS
</UL>
<BR>[Called By]<UL><LI><a href="#[13]">&gt;&gt;</a>&nbsp;&nbsp;&nbsp;__main
</UL>

<P><STRONG><a name="[16]"></a>BUMPER_GAUCHE_READSTATE</STRONG> (Thumb, 0 bytes, Stack size unknown bytes, bumpers.o(.text))
<BR><BR>[Called By]<UL><LI><a href="#[11]">&gt;&gt;</a>&nbsp;&nbsp;&nbsp;CHECK_BUMPERS_AND_UPDATE_LEDS
</UL>

<P><STRONG><a name="[17]"></a>BUMPER_DROIT_READSTATE</STRONG> (Thumb, 0 bytes, Stack size unknown bytes, bumpers.o(.text))
<BR><BR>[Called By]<UL><LI><a href="#[11]">&gt;&gt;</a>&nbsp;&nbsp;&nbsp;CHECK_BUMPERS_AND_UPDATE_LEDS
</UL>

<P><STRONG><a name="[18]"></a>SWITCH_HAUT_READSTATE</STRONG> (Thumb, 0 bytes, Stack size unknown bytes, switches.o(.text))
<BR><BR>[Called By]<UL><LI><a href="#[12]">&gt;&gt;</a>&nbsp;&nbsp;&nbsp;CHECK_SWITCHES_AND_UPDATE_LEDS
</UL>

<P><STRONG><a name="[19]"></a>SWITCH_BAS_READSTATE</STRONG> (Thumb, 0 bytes, Stack size unknown bytes, switches.o(.text))
<BR><BR>[Called By]<UL><LI><a href="#[12]">&gt;&gt;</a>&nbsp;&nbsp;&nbsp;CHECK_SWITCHES_AND_UPDATE_LEDS
</UL>

<P><STRONG><a name="[1a]"></a>MOTEUR_INIT</STRONG> (Thumb, 0 bytes, Stack size unknown bytes, rk_config_moteur.o(.text))
<BR><BR>[Called By]<UL><LI><a href="#[13]">&gt;&gt;</a>&nbsp;&nbsp;&nbsp;__main
</UL>

<P><STRONG><a name="[1b]"></a>MOTEUR_DROIT_ON</STRONG> (Thumb, 0 bytes, Stack size unknown bytes, rk_config_moteur.o(.text))
<BR><BR>[Called By]<UL><LI><a href="#[25]">&gt;&gt;</a>&nbsp;&nbsp;&nbsp;MOTORS_ON
</UL>

<P><STRONG><a name="[1c]"></a>MOTEUR_DROIT_OFF</STRONG> (Thumb, 0 bytes, Stack size unknown bytes, rk_config_moteur.o(.text))
<BR><BR>[Called By]<UL><LI><a href="#[26]">&gt;&gt;</a>&nbsp;&nbsp;&nbsp;MOTORS_OFF
</UL>

<P><STRONG><a name="[1d]"></a>MOTEUR_GAUCHE_ON</STRONG> (Thumb, 0 bytes, Stack size unknown bytes, rk_config_moteur.o(.text))
<BR><BR>[Called By]<UL><LI><a href="#[25]">&gt;&gt;</a>&nbsp;&nbsp;&nbsp;MOTORS_ON
</UL>

<P><STRONG><a name="[1e]"></a>MOTEUR_GAUCHE_OFF</STRONG> (Thumb, 0 bytes, Stack size unknown bytes, rk_config_moteur.o(.text))
<BR><BR>[Called By]<UL><LI><a href="#[26]">&gt;&gt;</a>&nbsp;&nbsp;&nbsp;MOTORS_OFF
</UL>

<P><STRONG><a name="[1f]"></a>MOTEUR_DROIT_ARRIERE</STRONG> (Thumb, 0 bytes, Stack size unknown bytes, rk_config_moteur.o(.text), UNUSED, KEPT)

<P><STRONG><a name="[20]"></a>MOTEUR_DROIT_AVANT</STRONG> (Thumb, 0 bytes, Stack size unknown bytes, rk_config_moteur.o(.text))
<BR><BR>[Called By]<UL><LI><a href="#[27]">&gt;&gt;</a>&nbsp;&nbsp;&nbsp;FORWARD_MOTION
</UL>

<P><STRONG><a name="[21]"></a>MOTEUR_GAUCHE_ARRIERE</STRONG> (Thumb, 0 bytes, Stack size unknown bytes, rk_config_moteur.o(.text), UNUSED, KEPT)

<P><STRONG><a name="[22]"></a>MOTEUR_GAUCHE_AVANT</STRONG> (Thumb, 0 bytes, Stack size unknown bytes, rk_config_moteur.o(.text))
<BR><BR>[Called By]<UL><LI><a href="#[27]">&gt;&gt;</a>&nbsp;&nbsp;&nbsp;FORWARD_MOTION
</UL>

<P><STRONG><a name="[23]"></a>MOTEUR_DROIT_INVERSE</STRONG> (Thumb, 0 bytes, Stack size unknown bytes, rk_config_moteur.o(.text), UNUSED, KEPT)

<P><STRONG><a name="[24]"></a>MOTEUR_GAUCHE_INVERSE</STRONG> (Thumb, 0 bytes, Stack size unknown bytes, rk_config_moteur.o(.text), UNUSED, KEPT)

<P><STRONG><a name="[25]"></a>MOTORS_ON</STRONG> (Thumb, 0 bytes, Stack size unknown bytes, motors.o(.text))
<BR><BR>[Calls]<UL><LI><a href="#[1d]">&gt;&gt;</a>&nbsp;&nbsp;&nbsp;MOTEUR_GAUCHE_ON
<LI><a href="#[1b]">&gt;&gt;</a>&nbsp;&nbsp;&nbsp;MOTEUR_DROIT_ON
</UL>
<BR>[Called By]<UL><LI><a href="#[13]">&gt;&gt;</a>&nbsp;&nbsp;&nbsp;__main
</UL>

<P><STRONG><a name="[26]"></a>MOTORS_OFF</STRONG> (Thumb, 0 bytes, Stack size unknown bytes, motors.o(.text))
<BR><BR>[Calls]<UL><LI><a href="#[1e]">&gt;&gt;</a>&nbsp;&nbsp;&nbsp;MOTEUR_GAUCHE_OFF
<LI><a href="#[1c]">&gt;&gt;</a>&nbsp;&nbsp;&nbsp;MOTEUR_DROIT_OFF
</UL>
<BR>[Called By]<UL><LI><a href="#[13]">&gt;&gt;</a>&nbsp;&nbsp;&nbsp;__main
</UL>

<P><STRONG><a name="[27]"></a>FORWARD_MOTION</STRONG> (Thumb, 0 bytes, Stack size unknown bytes, motors.o(.text))
<BR><BR>[Calls]<UL><LI><a href="#[22]">&gt;&gt;</a>&nbsp;&nbsp;&nbsp;MOTEUR_GAUCHE_AVANT
<LI><a href="#[20]">&gt;&gt;</a>&nbsp;&nbsp;&nbsp;MOTEUR_DROIT_AVANT
</UL>
<BR>[Called By]<UL><LI><a href="#[13]">&gt;&gt;</a>&nbsp;&nbsp;&nbsp;__main
</UL>

<P><STRONG><a name="[28]"></a>__use_two_region_memory</STRONG> (Thumb, 2 bytes, Stack size 0 bytes, heapauxi.o(.text), UNUSED)

<P><STRONG><a name="[29]"></a>__rt_heap_escrow$2region</STRONG> (Thumb, 2 bytes, Stack size 0 bytes, heapauxi.o(.text), UNUSED)

<P><STRONG><a name="[2a]"></a>__rt_heap_expand$2region</STRONG> (Thumb, 2 bytes, Stack size 0 bytes, heapauxi.o(.text), UNUSED)
<P>
<H3>
Local Symbols
</H3>
<P><STRONG><a name="[1]"></a>NmiSR</STRONG> (Thumb, 0 bytes, Stack size unknown bytes, startup.o(RESET))
<BR><BR>[Calls]<UL><LI><a href="#[1]">&gt;&gt;</a>&nbsp;&nbsp;&nbsp;NmiSR
</UL>
<BR>[Called By]<UL><LI><a href="#[1]">&gt;&gt;</a>&nbsp;&nbsp;&nbsp;NmiSR
</UL>
<BR>[Address Reference Count : 1]<UL><LI> startup.o(RESET)
</UL>
<P><STRONG><a name="[2]"></a>FaultISR</STRONG> (Thumb, 0 bytes, Stack size unknown bytes, startup.o(RESET))
<BR><BR>[Calls]<UL><LI><a href="#[2]">&gt;&gt;</a>&nbsp;&nbsp;&nbsp;FaultISR
</UL>
<BR>[Called By]<UL><LI><a href="#[2]">&gt;&gt;</a>&nbsp;&nbsp;&nbsp;FaultISR
</UL>
<BR>[Address Reference Count : 1]<UL><LI> startup.o(RESET)
</UL>
<P><STRONG><a name="[3]"></a>IntDefaultHandler</STRONG> (Thumb, 0 bytes, Stack size unknown bytes, startup.o(RESET))
<BR><BR>[Calls]<UL><LI><a href="#[3]">&gt;&gt;</a>&nbsp;&nbsp;&nbsp;IntDefaultHandler
</UL>
<BR>[Called By]<UL><LI><a href="#[3]">&gt;&gt;</a>&nbsp;&nbsp;&nbsp;IntDefaultHandler
</UL>
<BR>[Address Reference Count : 1]<UL><LI> startup.o(RESET)
</UL><P>
<H3>
Undefined Global Symbols
</H3><HR></body></html>
