Component: ARM Compiler 6.12 Tool: armlink [5d624300]

==============================================================================

Section Cross References

    program.o(.text) refers to bumpers.o(.text) for BUMPERS_INIT
    program.o(.text) refers to leds.o(.text) for LEDs_INIT
    program.o(.text) refers to switches.o(.text) for SWITCHES_INIT
    program.o(.text) refers to utils.o(.text) for INIT_UTIL_address
    program.o(.text) refers to rk_config_moteur.o(.text) for MOTEUR_INIT
    program.o(.text) refers to time.o(.text) for DISTANCE_TO_TIME_IN_CYCLE
    program.o(.text) refers to motors.o(.text) for MOTORS_ON
    bumpers.o(.text) refers (Special) to time.o(.text) for DISTANCE_TO_TIME_IN_CYCLE
    bumpers.o(.text) refers to leds.o(.text) for LED_DROITE_OFF
    bumpers.o(.text) refers to utils.o(.text) for INCR_VAL_STORED_IN_R1_ADR
    switches.o(.text) refers to leds.o(.text) for LEDs_OFF
    switches.o(.text) refers to time.o(.text) for WAIT_R5_SECONDS
    switches.o(.text) refers to utils.o(.text) for INCR_VAL_STORED_IN_R1_ADR
    motors.o(.text) refers to rk_config_moteur.o(.text) for MOTEUR_DROIT_ON
    startup.o(STACK) refers (Special) to heapauxi.o(.text) for __use_two_region_memory
    startup.o(HEAP) refers (Special) to heapauxi.o(.text) for __use_two_region_memory
    startup.o(RESET) refers (Special) to heapauxi.o(.text) for __use_two_region_memory
    startup.o(RESET) refers to startup.o(STACK) for StackMem
    startup.o(RESET) refers to program.o(.text) for __main
    startup.o(.text) refers (Special) to heapauxi.o(.text) for __use_two_region_memory
    startup.o(.text) refers to startup.o(HEAP) for HeapMem
    startup.o(.text) refers to startup.o(STACK) for StackMem


==============================================================================

Removing Unused input sections from the image.

    Removing startup.o(HEAP), (0 bytes).
    Removing startup.o(.text), (24 bytes).

2 unused section(s) (total 24 bytes) removed from the image.

==============================================================================

Image Symbol Table

    Local Symbols

    Symbol Name                              Value     Ov Type        Size  Object(Section)

    ../clib/heapaux.c                        0x00000000   Number         0  heapauxi.o ABSOLUTE
    RTE\Device\LM3S9B92\Startup.s            0x00000000   Number         0  startup.o ABSOLUTE
    dc.s                                     0x00000000   Number         0  dc.o ABSOLUTE
    src\Bumpers.s                            0x00000000   Number         0  bumpers.o ABSOLUTE
    src\Leds.s                               0x00000000   Number         0  leds.o ABSOLUTE
    src\Motors.s                             0x00000000   Number         0  motors.o ABSOLUTE
    src\Program.s                            0x00000000   Number         0  program.o ABSOLUTE
    src\RK_Config_Moteur.s                   0x00000000   Number         0  rk_config_moteur.o ABSOLUTE
    src\Switches.s                           0x00000000   Number         0  switches.o ABSOLUTE
    src\Time.s                               0x00000000   Number         0  time.o ABSOLUTE
    src\Utils.s                              0x00000000   Number         0  utils.o ABSOLUTE
    RESET                                    0x00000000   Section      632  startup.o(RESET)
    NmiSR                                    0x00000271   Thumb Code     0  startup.o(RESET)
    FaultISR                                 0x00000273   Thumb Code     0  startup.o(RESET)
    IntDefaultHandler                        0x00000275   Thumb Code     0  startup.o(RESET)
    .text                                    0x00000278   Section      132  leds.o(.text)
    .text                                    0x000002fc   Section       88  utils.o(.text)
    .text                                    0x00000354   Section      100  program.o(.text)
    .text                                    0x000003b8   Section      220  bumpers.o(.text)
    .text                                    0x00000494   Section      196  switches.o(.text)
    .text                                    0x00000558   Section      484  rk_config_moteur.o(.text)
    .text                                    0x0000073c   Section       48  motors.o(.text)
    .text                                    0x0000076c   Section       56  time.o(.text)
    .text                                    0x000007a4   Section        0  heapauxi.o(.text)
    StackMem                                 0x20000000   Data           0  startup.o(STACK)
    STACK                                    0x20000000   Section      256  startup.o(STACK)

    Global Symbols

    Symbol Name                              Value     Ov Type        Size  Object(Section)

    BuildAttributes$$THM_ISAv4$P$D$K$B$S$PE$A:L22UL41UL21$X:L11$S22US41US21$IEEE1$IW$~IW$USESV6$~STKCKD$USESV7$~SHL$OSPACE$ROPI$EBA8$STANDARDLIB$REQ8$EABIv2 0x00000000   Number         0  anon$$obj.o ABSOLUTE
    __Vectors                                0x00000000   Data           0  startup.o(RESET)
    Reset_Handler                            0x0000026d   Thumb Code     0  startup.o(RESET)
    LEDs_INIT                                0x00000279   Thumb Code     0  leds.o(.text)
    LEDs_ON                                  0x00000297   Thumb Code     0  leds.o(.text)
    LEDs_OFF                                 0x000002a1   Thumb Code     0  leds.o(.text)
    LED_DROITE_ON                            0x000002ab   Thumb Code     0  leds.o(.text)
    LED_DROITE_OFF                           0x000002bb   Thumb Code     0  leds.o(.text)
    LED_GAUCHE_ON                            0x000002c7   Thumb Code     0  leds.o(.text)
    LED_GAUCHE_OFF                           0x000002d7   Thumb Code     0  leds.o(.text)
    INIT_UTIL_address                        0x000002fd   Thumb Code     0  utils.o(.text)
    INTERACTIONS_TO_DISTANCE                 0x00000309   Thumb Code     0  utils.o(.text)
    INCR_VAL_STORED_IN_R1_ADR                0x0000033f   Thumb Code     0  utils.o(.text)
    __main                                   0x00000355   Thumb Code     0  program.o(.text)
    INIT_BUMPERS_address                     0x000003b9   Thumb Code     0  bumpers.o(.text)
    BUMPERS_INIT                             0x000003cf   Thumb Code     0  bumpers.o(.text)
    HANDLE_BUMPERS_INTERACTIONS              0x000003eb   Thumb Code     0  bumpers.o(.text)
    BUMPER_GAUCHE_READSTATE                  0x00000433   Thumb Code     0  bumpers.o(.text)
    BUMPER_DROIT_READSTATE                   0x00000443   Thumb Code     0  bumpers.o(.text)
    INCR_RIGHT_BUMPER_COUNTER                0x00000459   Thumb Code     0  bumpers.o(.text)
    INCR_LEFT_BUMPER_COUNTER                 0x00000467   Thumb Code     0  bumpers.o(.text)
    SWITCHES_INIT                            0x00000495   Thumb Code     0  switches.o(.text)
    HANDLE_SWITCHES_INTERACTIONS             0x000004c7   Thumb Code     0  switches.o(.text)
    MOTEUR_INIT                              0x00000559   Thumb Code     0  rk_config_moteur.o(.text)
    MOTEUR_DROIT_ON                          0x0000065d   Thumb Code     0  rk_config_moteur.o(.text)
    MOTEUR_DROIT_OFF                         0x00000669   Thumb Code     0  rk_config_moteur.o(.text)
    MOTEUR_GAUCHE_ON                         0x00000675   Thumb Code     0  rk_config_moteur.o(.text)
    MOTEUR_GAUCHE_OFF                        0x00000681   Thumb Code     0  rk_config_moteur.o(.text)
    MOTEUR_DROIT_ARRIERE                     0x0000068d   Thumb Code     0  rk_config_moteur.o(.text)
    MOTEUR_DROIT_AVANT                       0x00000697   Thumb Code     0  rk_config_moteur.o(.text)
    MOTEUR_GAUCHE_ARRIERE                    0x000006a1   Thumb Code     0  rk_config_moteur.o(.text)
    MOTEUR_GAUCHE_AVANT                      0x000006ab   Thumb Code     0  rk_config_moteur.o(.text)
    MOTEUR_DROIT_INVERSE                     0x000006b5   Thumb Code     0  rk_config_moteur.o(.text)
    MOTEUR_GAUCHE_INVERSE                    0x000006c1   Thumb Code     0  rk_config_moteur.o(.text)
    MOTORS_ON                                0x0000073d   Thumb Code     0  motors.o(.text)
    MOTORS_OFF                               0x0000074d   Thumb Code     0  motors.o(.text)
    FORWARD_MOTION                           0x0000075d   Thumb Code     0  motors.o(.text)
    WAIT_R5_SECONDS                          0x0000076d   Thumb Code     0  time.o(.text)
    DISTANCE_TO_TIME_IN_CYCLE                0x00000779   Thumb Code     0  time.o(.text)
    WAIT_ASKED_TIME_IN_CYCLE                 0x0000078b   Thumb Code     0  time.o(.text)
    __use_two_region_memory                  0x000007a5   Thumb Code     2  heapauxi.o(.text)
    __rt_heap_escrow$2region                 0x000007a7   Thumb Code     2  heapauxi.o(.text)
    __rt_heap_expand$2region                 0x000007a9   Thumb Code     2  heapauxi.o(.text)
    TRAVEL_DISTANCE_CM_ADR                   0x20000000   Number         0  utils.o ABSOLUTE
    TRAVEL_TIME_IN_CYCLE                     0x20000001   Number         0  time.o ABSOLUTE
    LEFT_BUMPER_ST_ADR                       0x20000100   Number         0  bumpers.o ABSOLUTE
    LEFT_BUMPER_CT_ADR                       0x20000105   Number         0  bumpers.o ABSOLUTE
    RIGHT_BUMPER_ST_ADR                      0x20000110   Number         0  bumpers.o ABSOLUTE
    RIGHT_BUMPER_CT_ADR                      0x20000115   Number         0  bumpers.o ABSOLUTE
    FIRST_SWITCH_ST_ADR                      0x20000200   Number         0  switches.o ABSOLUTE
    FIRST_SWITCH_CT_ADR                      0x20000205   Number         0  switches.o ABSOLUTE
    SECOND_SWITCH_CT_ADR                     0x20000210   Number         0  switches.o ABSOLUTE
    SECOND_SWITCH_ST_ADR                     0x20000210   Number         0  switches.o ABSOLUTE



==============================================================================

Memory Map of the image

  Image Entry point : 0x0000026d

  Load Region LR_1 (Base: 0x00000000, Size: 0x000007ac, Max: 0xffffffff, ABSOLUTE)

    Execution Region ER_RO (Exec base: 0x00000000, Load base: 0x00000000, Size: 0x000007ac, Max: 0xffffffff, ABSOLUTE)

    Exec Addr    Load Addr    Size         Type   Attr      Idx    E Section Name        Object

    0x00000000   0x00000000   0x00000278   Code   RO           29  * RESET               startup.o
    0x00000278   0x00000278   0x00000084   Code   RO            1  * .text               leds.o
    0x000002fc   0x000002fc   0x00000058   Code   RO            6  * .text               utils.o
    0x00000354   0x00000354   0x00000064   Code   RO            9  * .text               program.o
    0x000003b8   0x000003b8   0x000000dc   Code   RO           12  * .text               bumpers.o
    0x00000494   0x00000494   0x000000c4   Code   RO           15  * .text               switches.o
    0x00000558   0x00000558   0x000001e4   Code   RO           18  * .text               rk_config_moteur.o
    0x0000073c   0x0000073c   0x00000030   Code   RO           21  * .text               motors.o
    0x0000076c   0x0000076c   0x00000038   Code   RO           24  * .text               time.o
    0x000007a4   0x000007a4   0x00000006   Code   RO           37    .text               c_w.l(heapauxi.o)


    Execution Region ER_RW (Exec base: 0x20000000, Load base: 0x000007ac, Size: 0x00000000, Max: 0xffffffff, ABSOLUTE)

    **** No section assigned to this execution region ****


    Execution Region ER_ZI (Exec base: 0x20000000, Load base: 0x000007ac, Size: 0x00000100, Max: 0xffffffff, ABSOLUTE)

    Exec Addr    Load Addr    Size         Type   Attr      Idx    E Section Name        Object

    0x20000000        -       0x00000100   Zero   RW           27    STACK               startup.o


==============================================================================

Image component sizes


      Code (inc. data)   RO Data    RW Data    ZI Data      Debug   Object Name

       220         32          0          0          0        248   bumpers.o
       132         26          0          0          0        248   leds.o
        48          0          0          0          0        192   motors.o
       100          8          0          0          0        208   program.o
       484        112          0          0          0        352   rk_config_moteur.o
       632        622          0          0        256        220   startup.o
       196         28          0          0          0        248   switches.o
        56         12          0          0          0        192   time.o
        88         12          0          0          0        204   utils.o

    ----------------------------------------------------------------------
      1956        852          0          0        256       2112   Object Totals
         0          0          0          0          0          0   (incl. Generated)
         0          0          0          0          0          0   (incl. Padding)

    ----------------------------------------------------------------------

      Code (inc. data)   RO Data    RW Data    ZI Data      Debug   Library Member Name

         6          0          0          0          0        152   heapauxi.o

    ----------------------------------------------------------------------
         8          0          0          0          0        152   Library Totals
         2          0          0          0          0          0   (incl. Padding)

    ----------------------------------------------------------------------

      Code (inc. data)   RO Data    RW Data    ZI Data      Debug   Library Name

         6          0          0          0          0        152   c_w.l

    ----------------------------------------------------------------------
         8          0          0          0          0        152   Library Totals

    ----------------------------------------------------------------------

==============================================================================


      Code (inc. data)   RO Data    RW Data    ZI Data      Debug   

      1964        852          0          0        256       2264   Grand Totals
      1964        852          0          0        256       2264   ELF Image Totals
      1964        852          0          0          0          0   ROM Totals

==============================================================================

    Total RO  Size (Code + RO Data)                 1964 (   1.92kB)
    Total RW  Size (RW Data + ZI Data)               256 (   0.25kB)
    Total ROM Size (Code + RO Data + RW Data)       1964 (   1.92kB)

==============================================================================

